  Determinando os projetos a serem restaurados...
C:\Users\Guilherme\source\repos\TheThroneOfGames\Test\Test.csproj : warning NU1603: TheThroneOfGames.API depends on OpenTelemetry.Instrumentation.Process (>= 0.3.0-alpha.1) but OpenTelemetry.Instrumentation.Process 0.3.0-alpha.1 was not found. OpenTelemetry.Instrumentation.Process 0.5.0-beta.1 was resolved instead. [C:\Users\Guilherme\source\repos\TheThroneOfGames\TheThroneOfGames.sln]
C:\Users\Guilherme\source\repos\TheThroneOfGames\TheThroneOfGames.API\TheThroneOfGames.API.csproj : warning NU1603: TheThroneOfGames.API depends on OpenTelemetry.Instrumentation.Process (>= 0.3.0-alpha.1) but OpenTelemetry.Instrumentation.Process 0.3.0-alpha.1 was not found. OpenTelemetry.Instrumentation.Process 0.5.0-beta.1 was resolved instead. [C:\Users\Guilherme\source\repos\TheThroneOfGames\TheThroneOfGames.sln]
C:\Users\Guilherme\source\repos\TheThroneOfGames\Test\Test.csproj : warning NU1603: TheThroneOfGames.API depends on OpenTelemetry.Instrumentation.Runtime (>= 0.3.0-alpha.1) but OpenTelemetry.Instrumentation.Runtime 0.3.0-alpha.1 was not found. OpenTelemetry.Instrumentation.Runtime 1.0.0-beta.1 was resolved instead. [C:\Users\Guilherme\source\repos\TheThroneOfGames\TheThroneOfGames.sln]
C:\Users\Guilherme\source\repos\TheThroneOfGames\TheThroneOfGames.API\TheThroneOfGames.API.csproj : warning NU1603: TheThroneOfGames.API depends on OpenTelemetry.Instrumentation.Runtime (>= 0.3.0-alpha.1) but OpenTelemetry.Instrumentation.Runtime 0.3.0-alpha.1 was not found. OpenTelemetry.Instrumentation.Runtime 1.0.0-beta.1 was resolved instead. [C:\Users\Guilherme\source\repos\TheThroneOfGames\TheThroneOfGames.sln]
C:\Users\Guilherme\source\repos\TheThroneOfGames\TheThroneOfGames.API\TheThroneOfGames.API.csproj : warning NU1902: Package 'OpenTelemetry.Instrumentation.AspNetCore' 1.7.0 has a known moderate severity vulnerability, https://github.com/advisories/GHSA-vh2m-22xx-q94f [C:\Users\Guilherme\source\repos\TheThroneOfGames\TheThroneOfGames.sln]
C:\Users\Guilherme\source\repos\TheThroneOfGames\TheThroneOfGames.API\TheThroneOfGames.API.csproj : warning NU1902: Package 'OpenTelemetry.Instrumentation.Http' 1.7.0 has a known moderate severity vulnerability, https://github.com/advisories/GHSA-vh2m-22xx-q94f [C:\Users\Guilherme\source\repos\TheThroneOfGames\TheThroneOfGames.sln]
  Todos os projetos est├úo atualizados para restaura├º├úo.
C:\Users\Guilherme\source\repos\TheThroneOfGames\Test\Test.csproj : warning NU1603: TheThroneOfGames.API depends on OpenTelemetry.Instrumentation.Process (>= 0.3.0-alpha.1) but OpenTelemetry.Instrumentation.Process 0.3.0-alpha.1 was not found. OpenTelemetry.Instrumentation.Process 0.5.0-beta.1 was resolved instead.
C:\Users\Guilherme\source\repos\TheThroneOfGames\Test\Test.csproj : warning NU1603: TheThroneOfGames.API depends on OpenTelemetry.Instrumentation.Runtime (>= 0.3.0-alpha.1) but OpenTelemetry.Instrumentation.Runtime 0.3.0-alpha.1 was not found. OpenTelemetry.Instrumentation.Runtime 1.0.0-beta.1 was resolved instead.
  TheThroneOfGames.Domain -> C:\Users\Guilherme\source\repos\TheThroneOfGames\TheThroneOfGames.Domain\bin\Debug\net9.0\TheThroneOfGames.Domain.dll
  GameStore.CQRS.Abstractions -> C:\Users\Guilherme\source\repos\TheThroneOfGames\GameStore.CQRS.Abstractions\bin\Debug\net9.0\GameStore.CQRS.Abstractions.dll
  GameStore.Common -> C:\Users\Guilherme\source\repos\TheThroneOfGames\GameStore.Common\bin\Debug\net9.0\GameStore.Common.dll
  TheThroneOfGames.Infrastructure -> C:\Users\Guilherme\source\repos\TheThroneOfGames\TheThroneOfGames.Infrastructure\bin\Debug\net9.0\TheThroneOfGames.Infrastructure.dll
C:\Users\Guilherme\source\repos\TheThroneOfGames\TheThroneOfGames.API\TheThroneOfGames.API.csproj : warning NU1603: TheThroneOfGames.API depends on OpenTelemetry.Instrumentation.Process (>= 0.3.0-alpha.1) but OpenTelemetry.Instrumentation.Process 0.3.0-alpha.1 was not found. OpenTelemetry.Instrumentation.Process 0.5.0-beta.1 was resolved instead.
C:\Users\Guilherme\source\repos\TheThroneOfGames\TheThroneOfGames.API\TheThroneOfGames.API.csproj : warning NU1603: TheThroneOfGames.API depends on OpenTelemetry.Instrumentation.Runtime (>= 0.3.0-alpha.1) but OpenTelemetry.Instrumentation.Runtime 0.3.0-alpha.1 was not found. OpenTelemetry.Instrumentation.Runtime 1.0.0-beta.1 was resolved instead.
C:\Users\Guilherme\source\repos\TheThroneOfGames\TheThroneOfGames.API\TheThroneOfGames.API.csproj : warning NU1902: Package 'OpenTelemetry.Instrumentation.AspNetCore' 1.7.0 has a known moderate severity vulnerability, https://github.com/advisories/GHSA-vh2m-22xx-q94f
C:\Users\Guilherme\source\repos\TheThroneOfGames\TheThroneOfGames.API\TheThroneOfGames.API.csproj : warning NU1902: Package 'OpenTelemetry.Instrumentation.Http' 1.7.0 has a known moderate severity vulnerability, https://github.com/advisories/GHSA-vh2m-22xx-q94f
  GameStore.Common.Tests -> C:\Users\Guilherme\source\repos\TheThroneOfGames\GameStore.Common.Tests\bin\Debug\net9.0\GameStore.Common.Tests.dll
  TheThroneOfGames.Application -> C:\Users\Guilherme\source\repos\TheThroneOfGames\TheThroneOfGames.Application\bin\Debug\net9.0\TheThroneOfGames.Application.dll
  GameStore.Vendas -> C:\Users\Guilherme\source\repos\TheThroneOfGames\GameStore.Vendas\bin\Debug\net9.0\GameStore.Vendas.dll
  GameStore.Catalogo -> C:\Users\Guilherme\source\repos\TheThroneOfGames\GameStore.Catalogo\bin\Debug\net9.0\GameStore.Catalogo.dll
  GameStore.Usuarios -> C:\Users\Guilherme\source\repos\TheThroneOfGames\GameStore.Usuarios\bin\Debug\net9.0\GameStore.Usuarios.dll
  GameStore.Catalogo.Tests -> C:\Users\Guilherme\source\repos\TheThroneOfGames\GameStore.Catalogo.Tests\bin\Debug\net9.0\GameStore.Catalogo.Tests.dll
  GameStore.Usuarios.Tests -> C:\Users\Guilherme\source\repos\TheThroneOfGames\GameStore.Usuarios.Tests\bin\Debug\net9.0\GameStore.Usuarios.Tests.dll
  TheThroneOfGames.API -> C:\Users\Guilherme\source\repos\TheThroneOfGames\TheThroneOfGames.API\bin\Debug\net9.0\TheThroneOfGames.API.dll
  Test -> C:\Users\Guilherme\source\repos\TheThroneOfGames\Test\bin\Debug\net9.0\Test.dll

Compila├º├úo com ├¬xito.

C:\Users\Guilherme\source\repos\TheThroneOfGames\Test\Test.csproj : warning NU1603: TheThroneOfGames.API depends on OpenTelemetry.Instrumentation.Process (>= 0.3.0-alpha.1) but OpenTelemetry.Instrumentation.Process 0.3.0-alpha.1 was not found. OpenTelemetry.Instrumentation.Process 0.5.0-beta.1 was resolved instead. [C:\Users\Guilherme\source\repos\TheThroneOfGames\TheThroneOfGames.sln]
C:\Users\Guilherme\source\repos\TheThroneOfGames\TheThroneOfGames.API\TheThroneOfGames.API.csproj : warning NU1603: TheThroneOfGames.API depends on OpenTelemetry.Instrumentation.Process (>= 0.3.0-alpha.1) but OpenTelemetry.Instrumentation.Process 0.3.0-alpha.1 was not found. OpenTelemetry.Instrumentation.Process 0.5.0-beta.1 was resolved instead. [C:\Users\Guilherme\source\repos\TheThroneOfGames\TheThroneOfGames.sln]
C:\Users\Guilherme\source\repos\TheThroneOfGames\Test\Test.csproj : warning NU1603: TheThroneOfGames.API depends on OpenTelemetry.Instrumentation.Runtime (>= 0.3.0-alpha.1) but OpenTelemetry.Instrumentation.Runtime 0.3.0-alpha.1 was not found. OpenTelemetry.Instrumentation.Runtime 1.0.0-beta.1 was resolved instead. [C:\Users\Guilherme\source\repos\TheThroneOfGames\TheThroneOfGames.sln]
C:\Users\Guilherme\source\repos\TheThroneOfGames\TheThroneOfGames.API\TheThroneOfGames.API.csproj : warning NU1603: TheThroneOfGames.API depends on OpenTelemetry.Instrumentation.Runtime (>= 0.3.0-alpha.1) but OpenTelemetry.Instrumentation.Runtime 0.3.0-alpha.1 was not found. OpenTelemetry.Instrumentation.Runtime 1.0.0-beta.1 was resolved instead. [C:\Users\Guilherme\source\repos\TheThroneOfGames\TheThroneOfGames.sln]
C:\Users\Guilherme\source\repos\TheThroneOfGames\TheThroneOfGames.API\TheThroneOfGames.API.csproj : warning NU1902: Package 'OpenTelemetry.Instrumentation.AspNetCore' 1.7.0 has a known moderate severity vulnerability, https://github.com/advisories/GHSA-vh2m-22xx-q94f [C:\Users\Guilherme\source\repos\TheThroneOfGames\TheThroneOfGames.sln]
C:\Users\Guilherme\source\repos\TheThroneOfGames\TheThroneOfGames.API\TheThroneOfGames.API.csproj : warning NU1902: Package 'OpenTelemetry.Instrumentation.Http' 1.7.0 has a known moderate severity vulnerability, https://github.com/advisories/GHSA-vh2m-22xx-q94f [C:\Users\Guilherme\source\repos\TheThroneOfGames\TheThroneOfGames.sln]
C:\Users\Guilherme\source\repos\TheThroneOfGames\Test\Test.csproj : warning NU1603: TheThroneOfGames.API depends on OpenTelemetry.Instrumentation.Process (>= 0.3.0-alpha.1) but OpenTelemetry.Instrumentation.Process 0.3.0-alpha.1 was not found. OpenTelemetry.Instrumentation.Process 0.5.0-beta.1 was resolved instead.
C:\Users\Guilherme\source\repos\TheThroneOfGames\Test\Test.csproj : warning NU1603: TheThroneOfGames.API depends on OpenTelemetry.Instrumentation.Runtime (>= 0.3.0-alpha.1) but OpenTelemetry.Instrumentation.Runtime 0.3.0-alpha.1 was not found. OpenTelemetry.Instrumentation.Runtime 1.0.0-beta.1 was resolved instead.
C:\Users\Guilherme\source\repos\TheThroneOfGames\TheThroneOfGames.API\TheThroneOfGames.API.csproj : warning NU1603: TheThroneOfGames.API depends on OpenTelemetry.Instrumentation.Process (>= 0.3.0-alpha.1) but OpenTelemetry.Instrumentation.Process 0.3.0-alpha.1 was not found. OpenTelemetry.Instrumentation.Process 0.5.0-beta.1 was resolved instead.
C:\Users\Guilherme\source\repos\TheThroneOfGames\TheThroneOfGames.API\TheThroneOfGames.API.csproj : warning NU1603: TheThroneOfGames.API depends on OpenTelemetry.Instrumentation.Runtime (>= 0.3.0-alpha.1) but OpenTelemetry.Instrumentation.Runtime 0.3.0-alpha.1 was not found. OpenTelemetry.Instrumentation.Runtime 1.0.0-beta.1 was resolved instead.
C:\Users\Guilherme\source\repos\TheThroneOfGames\TheThroneOfGames.API\TheThroneOfGames.API.csproj : warning NU1902: Package 'OpenTelemetry.Instrumentation.AspNetCore' 1.7.0 has a known moderate severity vulnerability, https://github.com/advisories/GHSA-vh2m-22xx-q94f
C:\Users\Guilherme\source\repos\TheThroneOfGames\TheThroneOfGames.API\TheThroneOfGames.API.csproj : warning NU1902: Package 'OpenTelemetry.Instrumentation.Http' 1.7.0 has a known moderate severity vulnerability, https://github.com/advisories/GHSA-vh2m-22xx-q94f
    12 Aviso(s)
    0 Erro(s)

Tempo Decorrido 00:00:02.30
